# command: .venv/bin/python -m ai.automation.check_evaluator crosscheck --weights ai/automation/runs/2026-09-17_sfchd_yolov8n_baseline_100ep/weights/best.pt
# started: 2026-09-26T23:07:11
# git_commit: b9d77a1c6009047a0e6ab5a36133d9e238bbf47d  git_dirty: True
# env: RKNN_LOG_LEVEL=

val: Fast image access ✅ (ping: 0.0±0.0 ms, read: 5411.5±2746.8 MB/s, size: 184.6 KB)
val: Scanning /home/nhat/workspace/prjs/rk3588/data/sfchd_5class/processed/labels/test.cache... 1238 images, 0 backgrounds, 0 corrupt: 100% ━━━━━━━━━━━━ 1238/1238 432.7Mit/s 0.0s
Ultralytics 8.4.154 🚀 Python-3.12.3 torch-2.4.0+cu124 CUDA:0 (NVIDIA GeForce RTX 3050 Laptop GPU, 3762MiB)
Model summary (fused): 72 layers, 3,007,013 parameters, 0 gradients, 8.1 GFLOPs
val: Fast image access ✅ (ping: 0.0±0.0 ms, read: 4462.6±890.2 MB/s, size: 243.9 KB)
val: Scanning /home/nhat/workspace/prjs/rk3588/data/sfchd_5class/processed/labels/test.cache... 1238 images, 0 backgrounds, 0 corrupt: 100% ━━━━━━━━━━━━ 1238/1238 305.4Mit/s 0.0s
                 Class     Images  Instances      Box(P          R      mAP50  mAP50-95): 100% ━━━━━━━━━━━━ 1238/1238 105.3it/s 11.8s
                   all       1238       4740      0.571      0.553      0.576      0.402
Speed: 0.6ms preprocess, 5.2ms inference, 0.0ms loss, 1.1ms postprocess per image
{
  "git_commit": "b9d77a1c6009047a0e6ab5a36133d9e238bbf47d",
  "git_dirty": true,
  "created_at": "2026-09-26T23:07:35",
  "weights": "ai/automation/runs/2026-09-17_sfchd_yolov8n_baseline_100ep/weights/best.pt",
  "eval_set": "sfchd_test",
  "tolerance": 0.001,
  "passed": true,
  "max_abs_diff": 0.0001,
  "evaluator": {
    "precision": 0.5707,
    "recall": 0.5531,
    "map50": 0.576,
    "map50_95": 0.4016,
    "person.precision": 0.9635,
    "person.recall": 0.9381,
    "person.ap50": 0.9736,
    "person.ap50_95": 0.7218,
    "helmet.precision": 0.9426,
    "helmet.recall": 0.8879,
    "helmet.ap50": 0.9368,
    "helmet.ap50_95": 0.6292,
    "head.precision": 0.0,
    "head.recall": 0.0,
    "head.ap50": 0.0017,
    "head.ap50_95": 0.001,
    "safety_clothes.precision": 0.9352,
    "safety_clothes.recall": 0.926,
    "safety_clothes.ap50": 0.9598,
    "safety_clothes.ap50_95": 0.6522,
    "self_clothes.precision": 0.0121,
    "self_clothes.recall": 0.0135,
    "self_clothes.ap50": 0.0081,
    "self_clothes.ap50_95": 0.0036
  },
  "model_val_rect_false": {
    "precision": 0.5707,
    "recall": 0.5531,
    "map50": 0.576,
    "map50_95": 0.4016,
    "person.precision": 0.9635,
    "person.recall": 0.9382,
    "person.ap50": 0.9735,
    "person.ap50_95": 0.7218,
    "helmet.precision": 0.9426,
    "helmet.recall": 0.8879,
    "helmet.ap50": 0.9368,
    "helmet.ap50_95": 0.6292,
    "head.precision": 0.0,
    "head.recall": 0.0,
    "head.ap50": 0.0017,
    "head.ap50_95": 0.001,
    "safety_clothes.precision": 0.9352,
    "safety_clothes.recall": 0.926,
    "safety_clothes.ap50": 0.9598,
    "safety_clothes.ap50_95": 0.6522,
    "self_clothes.precision": 0.0121,
    "self_clothes.recall": 0.0135,
    "self_clothes.ap50": 0.0081,
    "self_clothes.ap50_95": 0.0036
  },
  "errors": []
}
CROSSCHECK PASSED (24 metrics within 0.001)

# exit_code: 0
# finished: 2026-09-26T23:07:36
